[INFO] Scanning for projects...
[INFO] 
[INFO] --------------< com.example:Second-hand-trading-platform >--------------
[INFO] Building  0.0.1-SNAPSHOT
[INFO]   from pom.xml
[INFO] --------------------------------[ jar ]---------------------------------
[INFO] 
[INFO] >>> spring-boot:4.0.6:run (default-cli) > test-compile @ Second-hand-trading-platform >>>
[INFO] 
[INFO] --- resources:3.3.1:resources (default-resources) @ Second-hand-trading-platform ---
[INFO] Copying 1 resource from src\main\resources to target\classes
[INFO] Copying 0 resource from src\main\resources to target\classes
[INFO] 
[INFO] --- compiler:3.14.1:compile (default-compile) @ Second-hand-trading-platform ---
[INFO] Nothing to compile - all classes are up to date.
[INFO] 
[INFO] --- resources:3.3.1:testResources (default-testResources) @ Second-hand-trading-platform ---
[INFO] skip non existing resourceDirectory D:\project\myproject\Second-hand trading platform\backend\src\test\resources
[INFO] 
[INFO] --- compiler:3.14.1:testCompile (default-testCompile) @ Second-hand-trading-platform ---
[INFO] Nothing to compile - all classes are up to date.
[INFO] 
[INFO] <<< spring-boot:4.0.6:run (default-cli) < test-compile @ Second-hand-trading-platform <<<
[INFO] 
[INFO] 
[INFO] --- spring-boot:4.0.6:run (default-cli) @ Second-hand-trading-platform ---
[INFO] Attaching agents: []

  .   ____          _            __ _ _
 /\\ / ___'_ __ _ _(_)_ __  __ _ \ \ \ \
( ( )\___ | '_ | '_| | '_ \/ _` | \ \ \ \
 \\/  ___)| |_)| | | | | || (_| |  ) ) ) )
  '  |____| .__|_| |_|_| |_\__, | / / / /
 =========|_|==============|___/=/_/_/_/

 :: Spring Boot ::                (v4.0.6)

2026-06-04T20:18:40.211+08:00  INFO 28640 --- [Second-hand-trading-platform] [           main] t.p.SecondHandTradingPlatformApplication : Starting SecondHandTradingPlatformApplication using Java 17.0.12 with PID 28640 (D:\project\myproject\Second-hand trading platform\backend\target\classes started by zhangmei in D:\project\myproject\Second-hand trading platform\backend)
2026-06-04T20:18:40.220+08:00  INFO 28640 --- [Second-hand-trading-platform] [           main] t.p.SecondHandTradingPlatformApplication : No active profile set, falling back to 1 default profile: "default"
2026-06-04T20:18:41.887+08:00  INFO 28640 --- [Second-hand-trading-platform] [           main] o.s.boot.tomcat.TomcatWebServer          : Tomcat initialized with port 8080 (http)
2026-06-04T20:18:41.921+08:00  INFO 28640 --- [Second-hand-trading-platform] [           main] o.apache.catalina.core.StandardService   : Starting service [Tomcat]
2026-06-04T20:18:41.923+08:00  INFO 28640 --- [Second-hand-trading-platform] [           main] o.apache.catalina.core.StandardEngine    : Starting Servlet engine: [Apache Tomcat/11.0.21]
2026-06-04T20:18:42.086+08:00  INFO 28640 --- [Second-hand-trading-platform] [           main] b.w.c.s.WebApplicationContextInitializer : Root WebApplicationContext: initialization completed in 1805 ms
2026-06-04T20:18:43.164+08:00  INFO 28640 --- [Second-hand-trading-platform] [           main] o.s.boot.tomcat.TomcatWebServer          : Tomcat started on port 8080 (http) with context path '/'
2026-06-04T20:18:43.179+08:00  INFO 28640 --- [Second-hand-trading-platform] [           main] t.p.SecondHandTradingPlatformApplication : Started SecondHandTradingPlatformApplication in 3.64 seconds (process running for 4.275)
2026-06-04T20:19:00.046+08:00  INFO 28640 --- [Second-hand-trading-platform] [nio-8080-exec-1] o.a.c.c.C.[Tomcat].[localhost].[/]       : Initializing Spring DispatcherServlet 'dispatcherServlet'
2026-06-04T20:19:00.071+08:00  INFO 28640 --- [Second-hand-trading-platform] [nio-8080-exec-1] o.s.web.servlet.DispatcherServlet        : Initializing Servlet 'dispatcherServlet'
2026-06-04T20:19:00.074+08:00  INFO 28640 --- [Second-hand-trading-platform] [nio-8080-exec-1] o.s.web.servlet.DispatcherServlet        : Completed initialization in 1 ms
2026-06-04T20:19:00.119+08:00  INFO 28640 --- [Second-hand-trading-platform] [nio-8080-exec-1] com.zaxxer.hikari.HikariDataSource       : HikariPool-1 - Starting...
2026-06-04T20:19:00.324+08:00  INFO 28640 --- [Second-hand-trading-platform] [nio-8080-exec-1] com.zaxxer.hikari.pool.HikariPool        : HikariPool-1 - Added connection com.mysql.cj.jdbc.ConnectionImpl@4ed8731b
2026-06-04T20:19:00.329+08:00  INFO 28640 --- [Second-hand-trading-platform] [nio-8080-exec-1] com.zaxxer.hikari.HikariDataSource       : HikariPool-1 - Start completed.
[INFO] ------------------------------------------------------------------------
[INFO] BUILD FAILURE
[INFO] ------------------------------------------------------------------------
[INFO] Total time:  01:57 h
[INFO] Finished at: 2026-06-04T22:15:41+08:00
[INFO] ------------------------------------------------------------------------
[ERROR] Failed to execute goal org.springframework.boot:spring-boot-maven-plugin:4.0.6:run (default-cli) on project Second-hand-trading-platform: Process terminated with exit code: -1 -> [Help 1]
[ERROR] 
[ERROR] To see the full stack trace of the errors, re-run Maven with the -e switch.
[ERROR] Re-run Maven using the -X switch to enable full debug logging.
[ERROR] 
[ERROR] For more information about the errors and possible solutions, please read the following articles:
[ERROR] [Help 1] http://cwiki.apache.org/confluence/display/MAVEN/MojoExecutionException
